// Jest Snapshot v1, https://goo.gl/fbAQLP

exports[`NotFound component renders a NotFound by default 1`] = `
<section>
  <h2>
    404 — Sorry, this page isn't found
  </h2>
  <Link
    className="serif"
    to="/"
  >
    Back to homepage
  </Link>
</section>
`;
