// Jest Snapshot v1, https://goo.gl/fbAQLP

exports[`LoginPage component renders a AllOtherRoute by default 1`] = `
<section
  className="LoginPage"
>
  <h2>
    Log in to Portfolio
  </h2>
  <LoginForm
    onLoginSuccess={[Function]}
  />
</section>
`;
